// Jest Snapshot v1, https://goo.gl/fbAQLP

exports[`should render a homepage 1`] = `
<div>
  <div
    class="home"
  >
    <h2>
      Fake Kickball League
    </h2>
    <p>
      Realtalk: I hate kickball.
    </p>
  </div>
</div>
`;
